// Jest Snapshot v1, https://goo.gl/fbAQLP

exports[`pruebas en GifGrid debe de mostrar items cuandose carga im√°genes useFetchGifs 1`] = `
<Fragment>
  <h3
    className="animate__animated animate__fadeIn"
  >
    one Punch
  </h3>
  <div
    className="card-grid"
  >
    <GifGridItem
      id="abc"
      key="abc"
      title="cualquier cosa"
      url="https:/test.img"
    />
  </div>
</Fragment>
`;

exports[`pruebas en GifGrid debe mostrarse correctamente 1`] = `
<Fragment>
  <h3
    className="animate__animated animate__fadeIn"
  >
    one Punch
  </h3>
  <p
    className="animate__animated animate__flash"
  >
    Loading
  </p>
  <div
    className="card-grid"
  />
</Fragment>
`;
