// Jest Snapshot v1, https://goo.gl/fbAQLP

exports[`Pruebas para <GifGridItem /> should be show correctly components 1`] = `
<div
  className="card animate__animated animate__fadeIn"
>
  <img
    alt="Un título"
    src="https://localhost/img"
  />
  <p>
    Un título
  </p>
</div>
`;
